// Jest Snapshot v1, https://goo.gl/fbAQLP

exports[`Testing header componnents 1`] = `
<div>
  <h1>
    Expensify App
  </h1>
  <NavLink
    activeClassName="is-active"
    exact={true}
    to="/"
  >
    Dashboard
  </NavLink>
  <NavLink
    activeClassName="is-active"
    to="/create"
  >
    Create
  </NavLink>
  <NavLink
    activeClassName="is-active"
    to="/edit"
  >
    Expense
  </NavLink>
  <NavLink
    activeClassName="is-active"
    to="/help"
  >
    Help
  </NavLink>
</div>
`;
