// Jest Snapshot v1, https://goo.gl/fbAQLP

exports[`testing React Router Component 1`] = `
<div>
  NotFoundPage Showing
</div>
`;
